// Jest Snapshot v1, https://goo.gl/fbAQLP

exports[`AppFallbackLoad component should render correclty 1`] = `
<div class="fixed | inset-0 z-50 | flex justify-center items-center | primary-text bg-white dark:bg-dark-theme-800">
  <div class="w-64 h-64 sm:w-40 sm:h-40"><svg class="w-full h-full | pulse-effect"></svg></div>
</div>
`;
