// Jest Snapshot v1, https://goo.gl/fbAQLP

exports[`MySocialNetworks component should render correclty 1`] = `
<section class="flex justify-center items-center">
  <div class="grid gap-6 grid-cols-4 md:grid-cols-2 lg:grid-cols-4 page-social-icons"><a target="_blank" href="https://codepen.io/christian-bravo" class="w-8 h-8 md:w-12 md:h-12 | p-1 | bg-transparent dark:text-gray-50 dark-hover:bg-blue-500 dark-hover:border-blue-500 text-gray-900 hover:bg-pink-500 hover:text-gray-50 hover:border-pink-500 rounded-full social-icon"><svg></svg></a><a target="_blank" href="https://github.com/christian-bravo7" class="w-8 h-8 md:w-12 md:h-12 | p-1 | bg-transparent dark:text-gray-50 dark-hover:bg-blue-500 dark-hover:border-blue-500 text-gray-900 hover:bg-pink-500 hover:text-gray-50 hover:border-pink-500 rounded-full social-icon"><svg></svg></a><a target="_blank" href="https://www.instagram.com/christian.bravo_" class="w-8 h-8 md:w-12 md:h-12 | p-1 | bg-transparent dark:text-gray-50 dark-hover:bg-blue-500 dark-hover:border-blue-500 text-gray-900 hover:bg-pink-500 hover:text-gray-50 hover:border-pink-500 rounded-full social-icon"><svg></svg></a><a target="_blank" href="https://www.linkedin.com/in/bravo-christian" class="w-8 h-8 md:w-12 md:h-12 | p-1 | bg-transparent dark:text-gray-50 dark-hover:bg-blue-500 dark-hover:border-blue-500 text-gray-900 hover:bg-pink-500 hover:text-gray-50 hover:border-pink-500 rounded-full social-icon"><svg></svg></a></div>
</section>
`;
