// Jest Snapshot v1, https://goo.gl/fbAQLP

exports[`SocialIcon component should render correclty 1`] = `<a target="_blank" href="http://localhost/" class="w-8 h-8 md:w-12 md:h-12 | p-1 | bg-transparent dark:text-gray-50 dark-hover:bg-dark-theme-500 dark-hover:border-dark-theme-500 text-gray-900 hover:bg-light-theme-500 hover:text-gray-50 hover:border-light-theme-500 rounded-full social-icon"><svg></svg></a>`;
