// Jest Snapshot v1, https://goo.gl/fbAQLP

exports[`me page should render correctly 1`] = `
<section>
  <div class="v-portal" style="display: none;"></div>
  <section class="section-container mb-24 md:mb-0">
    <div class="max-w-screen-lg | flex justify-center | my-0 mx-auto">
      <div class="about-me-information__content">
        <div class="mb-4 md:mb-0">
          <h2 class="mb-8 | section-title about-me-information__title">
            About me
          </h2>
          <p class="font-base | about-me-information__description">
          <p>Hello, my name is Christian Bravo, a Frontend Developer from Guatemala with a great passion for web development using modern technologies.</p>
          <p>I enjoy solving problems, creating dynamic and intuitive user interfaces, developing rich web applications and experiences.</p>
          <p>Outside of the office you will find me playing soccer, collecting cactus and spending time with my pets and family.</p>
          </p>
        </div>
        <div class="flex items-center justify-center"><img src="~assets/img/photo-2.png" alt="christian picture" class="w-5/6 md:w-auto"></div>
      </div>
    </div>
  </section>
  <section class="section-container mb-24 md:mb-0">
    <div class="max-w-screen-lg | flex justify-center items-center | w-full | my-0 mx-auto | overflow-x-hidden">
      <div class="flex flex-col | w-full">
        <div class="flex justify-center | mb-16">
          <h2 class="section-title my-work-experience__title">
            Where I've worked
          </h2>
        </div>
        <div class="flex flex-col md:flex-row">
          <div class="relative | my-work-experience__button-wrapper">
            <div class="flex md:flex-col | mb-8 md:mb-0 pb-4 md:pb-0 | overflow-x-scroll md:overflow-x-auto | my-work-experience__button-list"><button class="relative | px-4 py-4 | text-left | rounded-lg | text-black dark:text-white | whitespace-nowrap | transition-all duration-300 | my-work-experience-button my-work-experience-button--is-active">
                Telus International
              </button> <button class="relative | px-4 py-4 | text-left | rounded-lg | text-black dark:text-white | whitespace-nowrap | transition-all duration-300 | my-work-experience-button">
                Master Development
              </button> <button class="relative | px-4 py-4 | text-left | rounded-lg | text-black dark:text-white | whitespace-nowrap | transition-all duration-300 | my-work-experience-button">
                Viaro Networks
              </button></div>
          </div>
          <div class="flex-1 | md:ml-6 | my-work-experience__card-wrapper">
            <div>
              <h6 class="text-xl | mb-2"><span class="font-bold">
    Software Developer
  </span> <span>at</span> <a href="https://www.telusinternational.com" target="_blank" rel="noopener noreferrer" class="text-pink-500 dark:text-blue-500 | font-bold">
                  Telus International
                </a></h6>
              <div class="flex text-sm mb-6"><span><span class="capitalize">
      Nov 2020
    </span> <span>-</span> <span class="capitalize">
      present
    </span></span> <span class="flex items-center | mx-2"><span class="w-1 h-1 | rounded-full | bg-black dark:bg-white"></span></span> <span class="text-gray-700 dark:text-gray-300">
    6 months
  </span></div>
              <div class="mb-6">
                <div class="flex mb-2"><span class="material-icons">
      arrow_right
    </span> <span class="leading-loose | font-base">
      Development of new features, bug fixing and support for web applications.
    </span></div>
              </div>
              <div><span class="block | font-bold | text-xs | mb-6">
    Technologies:
  </span>
                <div class="flex flex-wrap">
                  <div class="mr-4 mb-4 py-2 px-4 | text-sm | font-bold | whitespace-nowrap | rounded-full | border border-pink-500 dark:border-blue-300 | bg-pink-50 bg-opacity-30 dark:bg-blue-700 dark:bg-opacity-25">
                    Angular
                  </div>
                  <div class="mr-4 mb-4 py-2 px-4 | text-sm | font-bold | whitespace-nowrap | rounded-full | border border-pink-500 dark:border-blue-300 | bg-pink-50 bg-opacity-30 dark:bg-blue-700 dark:bg-opacity-25">
                    Typescript
                  </div>
                  <div class="mr-4 mb-4 py-2 px-4 | text-sm | font-bold | whitespace-nowrap | rounded-full | border border-pink-500 dark:border-blue-300 | bg-pink-50 bg-opacity-30 dark:bg-blue-700 dark:bg-opacity-25">
                    Javascript
                  </div>
                  <div class="mr-4 mb-4 py-2 px-4 | text-sm | font-bold | whitespace-nowrap | rounded-full | border border-pink-500 dark:border-blue-300 | bg-pink-50 bg-opacity-30 dark:bg-blue-700 dark:bg-opacity-25">
                    jQuery
                  </div>
                  <div class="mr-4 mb-4 py-2 px-4 | text-sm | font-bold | whitespace-nowrap | rounded-full | border border-pink-500 dark:border-blue-300 | bg-pink-50 bg-opacity-30 dark:bg-blue-700 dark:bg-opacity-25">
                    i18n
                  </div>
                  <div class="mr-4 mb-4 py-2 px-4 | text-sm | font-bold | whitespace-nowrap | rounded-full | border border-pink-500 dark:border-blue-300 | bg-pink-50 bg-opacity-30 dark:bg-blue-700 dark:bg-opacity-25">
                    Java Portlets
                  </div>
                  <div class="mr-4 mb-4 py-2 px-4 | text-sm | font-bold | whitespace-nowrap | rounded-full | border border-pink-500 dark:border-blue-300 | bg-pink-50 bg-opacity-30 dark:bg-blue-700 dark:bg-opacity-25">
                    LESS
                  </div>
                </div>
              </div>
              <!---->
            </div>
          </div>
        </div>
      </div>
    </div>
  </section>
  <section class="section-container contact-me">
    <div class="max-w-screen-lg | flex justify-center | my-0 mx-auto">
      <div class="grid grid-cols-1 md:grid-cols-2 gap-6">
        <div class="flex flex-col justify-center | mb-12 md:mb-0">
          <h3 class="mb-4 | section-title contact-me__title">
            Just say hi
          </h3>
          <p class="mb-14 mr-0 md:mr-8 md:mb-20 | font-base">
            I'm always open to discuss about projects and new challenges, do not hesitate to contact me and let's talk.
          </p>
          <div class="flex flex-col items-start"><span class="mb-2 | text-xs">
            Email me at:
          </span> <a href="mailto:hi@christian-bravo.dev" class="font-bold | font-base">
              hi@christian-bravo.dev
            </a></div>
        </div>
        <section class="flex justify-center items-center">
          <div class="grid gap-6 grid-cols-4 md:grid-cols-2 lg:grid-cols-4 page-social-icons"><a target="_blank" href="https://codepen.io/christian-bravo" class="w-8 h-8 md:w-12 md:h-12 | p-1 | bg-transparent dark:text-gray-50 dark-hover:bg-blue-500 dark-hover:border-blue-500 text-gray-900 hover:bg-pink-500 hover:text-gray-50 hover:border-pink-500 rounded-full social-icon"><svg></svg></a><a target="_blank" href="https://github.com/christian-bravo7" class="w-8 h-8 md:w-12 md:h-12 | p-1 | bg-transparent dark:text-gray-50 dark-hover:bg-blue-500 dark-hover:border-blue-500 text-gray-900 hover:bg-pink-500 hover:text-gray-50 hover:border-pink-500 rounded-full social-icon"><svg></svg></a><a target="_blank" href="https://www.instagram.com/christian.bravo_/" class="w-8 h-8 md:w-12 md:h-12 | p-1 | bg-transparent dark:text-gray-50 dark-hover:bg-blue-500 dark-hover:border-blue-500 text-gray-900 hover:bg-pink-500 hover:text-gray-50 hover:border-pink-500 rounded-full social-icon"><svg></svg></a><a target="_blank" href="https://www.linkedin.com/in/christian151-bravo/" class="w-8 h-8 md:w-12 md:h-12 | p-1 | bg-transparent dark:text-gray-50 dark-hover:bg-blue-500 dark-hover:border-blue-500 text-gray-900 hover:bg-pink-500 hover:text-gray-50 hover:border-pink-500 rounded-full social-icon"><svg></svg></a></div>
        </section>
      </div>
    </div>
  </section>
</section>
`;
