// Jest Snapshot v1, https://goo.gl/fbAQLP

exports[`AboutMeSkills component should render correctly 1`] = `
<section class="section-container">
  <div class="container | flex | my-0 mx-auto">
    <div class="flex flex-col | w-full">
      <h2 class="mb-8 | text-center break-all | section-title about-me-skills__title">
        me.skills-label
      </h2>
      <div class="flex justify-center items-center | flex-1">
        <div class="flex flex-wrap justify-center | max-w-screen-lg">
          <div class="flex flex-col items-center justify-between | p-2 | bg-gray-100 dark:bg-transparent dark-hover:bg-blue-700 dark-hover:bg-opacity-25 | rounded-xl shadow-md hover:shadow-xl border border-transparent dark:border-blue-300 | select-none | group transition-all duration-300 | skill-icon m-2"><span class="flex justify-center items-center flex-1 | w-16"><svg></svg></span> <span class="mt-2 | text-black dark:text-white group-hover:text-pink-500 dark-group-hover:text-white | text-base md:text-lg | font-bold leading-none | transition-colors duration-300">
    Javascript
  </span></div>
          <div class="flex flex-col items-center justify-between | p-2 | bg-gray-100 dark:bg-transparent dark-hover:bg-blue-700 dark-hover:bg-opacity-25 | rounded-xl shadow-md hover:shadow-xl border border-transparent dark:border-blue-300 | select-none | group transition-all duration-300 | skill-icon m-2"><span class="flex justify-center items-center flex-1 | w-16"><svg></svg></span> <span class="mt-2 | text-black dark:text-white group-hover:text-pink-500 dark-group-hover:text-white | text-base md:text-lg | font-bold leading-none | transition-colors duration-300">
    Typescript
  </span></div>
          <div class="flex flex-col items-center justify-between | p-2 | bg-gray-100 dark:bg-transparent dark-hover:bg-blue-700 dark-hover:bg-opacity-25 | rounded-xl shadow-md hover:shadow-xl border border-transparent dark:border-blue-300 | select-none | group transition-all duration-300 | skill-icon m-2"><span class="flex justify-center items-center flex-1 | w-16"><svg></svg></span> <span class="mt-2 | text-black dark:text-white group-hover:text-pink-500 dark-group-hover:text-white | text-base md:text-lg | font-bold leading-none | transition-colors duration-300">
    NuxtJS
  </span></div>
          <div class="flex flex-col items-center justify-between | p-2 | bg-gray-100 dark:bg-transparent dark-hover:bg-blue-700 dark-hover:bg-opacity-25 | rounded-xl shadow-md hover:shadow-xl border border-transparent dark:border-blue-300 | select-none | group transition-all duration-300 | skill-icon m-2"><span class="flex justify-center items-center flex-1 | w-16"><svg></svg></span> <span class="mt-2 | text-black dark:text-white group-hover:text-pink-500 dark-group-hover:text-white | text-base md:text-lg | font-bold leading-none | transition-colors duration-300">
    VueJS
  </span></div>
          <div class="flex flex-col items-center justify-between | p-2 | bg-gray-100 dark:bg-transparent dark-hover:bg-blue-700 dark-hover:bg-opacity-25 | rounded-xl shadow-md hover:shadow-xl border border-transparent dark:border-blue-300 | select-none | group transition-all duration-300 | skill-icon m-2"><span class="flex justify-center items-center flex-1 | w-16"><svg></svg></span> <span class="mt-2 | text-black dark:text-white group-hover:text-pink-500 dark-group-hover:text-white | text-base md:text-lg | font-bold leading-none | transition-colors duration-300">
    ReactJS
  </span></div>
          <div class="flex flex-col items-center justify-between | p-2 | bg-gray-100 dark:bg-transparent dark-hover:bg-blue-700 dark-hover:bg-opacity-25 | rounded-xl shadow-md hover:shadow-xl border border-transparent dark:border-blue-300 | select-none | group transition-all duration-300 | skill-icon m-2"><span class="flex justify-center items-center flex-1 | w-16"><svg></svg></span> <span class="mt-2 | text-black dark:text-white group-hover:text-pink-500 dark-group-hover:text-white | text-base md:text-lg | font-bold leading-none | transition-colors duration-300">
    NodeJS
  </span></div>
          <div class="flex flex-col items-center justify-between | p-2 | bg-gray-100 dark:bg-transparent dark-hover:bg-blue-700 dark-hover:bg-opacity-25 | rounded-xl shadow-md hover:shadow-xl border border-transparent dark:border-blue-300 | select-none | group transition-all duration-300 | skill-icon m-2"><span class="flex justify-center items-center flex-1 | w-16"><svg></svg></span> <span class="mt-2 | text-black dark:text-white group-hover:text-pink-500 dark-group-hover:text-white | text-base md:text-lg | font-bold leading-none | transition-colors duration-300">
    Git
  </span></div>
          <div class="flex flex-col items-center justify-between | p-2 | bg-gray-100 dark:bg-transparent dark-hover:bg-blue-700 dark-hover:bg-opacity-25 | rounded-xl shadow-md hover:shadow-xl border border-transparent dark:border-blue-300 | select-none | group transition-all duration-300 | skill-icon m-2"><span class="flex justify-center items-center flex-1 | w-16"><svg></svg></span> <span class="mt-2 | text-black dark:text-white group-hover:text-pink-500 dark-group-hover:text-white | text-base md:text-lg | font-bold leading-none | transition-colors duration-300">
    Jest
  </span></div>
          <div class="flex flex-col items-center justify-between | p-2 | bg-gray-100 dark:bg-transparent dark-hover:bg-blue-700 dark-hover:bg-opacity-25 | rounded-xl shadow-md hover:shadow-xl border border-transparent dark:border-blue-300 | select-none | group transition-all duration-300 | skill-icon m-2"><span class="flex justify-center items-center flex-1 | w-16"><svg></svg></span> <span class="mt-2 | text-black dark:text-white group-hover:text-pink-500 dark-group-hover:text-white | text-base md:text-lg | font-bold leading-none | transition-colors duration-300">
    SASS
  </span></div>
          <div class="flex flex-col items-center justify-between | p-2 | bg-gray-100 dark:bg-transparent dark-hover:bg-blue-700 dark-hover:bg-opacity-25 | rounded-xl shadow-md hover:shadow-xl border border-transparent dark:border-blue-300 | select-none | group transition-all duration-300 | skill-icon m-2"><span class="flex justify-center items-center flex-1 | w-16"><svg></svg></span> <span class="mt-2 | text-black dark:text-white group-hover:text-pink-500 dark-group-hover:text-white | text-base md:text-lg | font-bold leading-none | transition-colors duration-300">
    CSS3
  </span></div>
          <div class="flex flex-col items-center justify-between | p-2 | bg-gray-100 dark:bg-transparent dark-hover:bg-blue-700 dark-hover:bg-opacity-25 | rounded-xl shadow-md hover:shadow-xl border border-transparent dark:border-blue-300 | select-none | group transition-all duration-300 | skill-icon m-2"><span class="flex justify-center items-center flex-1 | w-16"><svg></svg></span> <span class="mt-2 | text-black dark:text-white group-hover:text-pink-500 dark-group-hover:text-white | text-base md:text-lg | font-bold leading-none | transition-colors duration-300">
    HTML5
  </span></div>
        </div>
      </div>
    </div>
  </div>
</section>
`;
