// Jest Snapshot v1, https://goo.gl/fbAQLP

exports[`SkillIcon component should render correctly 1`] = `
<div class="flex flex-col items-center justify-between | p-2 | bg-gray-100 dark:bg-transparent dark-hover:bg-blue-700 dark-hover:bg-opacity-25 | rounded-xl shadow-md hover:shadow-xl border border-transparent dark:border-blue-300 | select-none | group transition-all duration-300 | skill-icon"><span class="flex justify-center items-center flex-1 | w-16"></span> <span class="mt-2 | text-black dark:text-white group-hover:text-pink-500 dark-group-hover:text-white | text-base md:text-lg | font-bold leading-none | transition-colors duration-300">
    This is an icon text
  </span></div>
`;
