// Jest Snapshot v1, https://goo.gl/fbAQLP

exports[`error layout should render correclty 1`] = `
<main class="min-h-screen flex items-center p-4 bg-gray-50 dark:bg-blue-600">
  <nuxt class="z-10"></nuxt>
  <errormovablefigures></errormovablefigures>
</main>
`;
