// Jest Snapshot v1, https://goo.gl/fbAQLP

exports[`post layout should render correclty 1`] = `
<main class="bg-gray-50 dark:bg-blue-600">
  <div class="fixed inset-0 z-50 flex justify-center items-center bg-white text-pink-800 dark:bg-blue-600 dark:text-blue-500 text-12xl"><svg class="fill-current pulse-effect"></svg></div>
  <div></div>
  <header>
    <!---->
  </header>
  <div></div>
</main>
`;
