// Jest Snapshot v1, https://goo.gl/fbAQLP

exports[`AppFooter component should render correclty 1`] = `
<footer class="py-10 px-4 | bg-gray-100 dark:bg-blue-900 | text-gray-700 dark:text-gray-300">
  <div class="container | my-0 mx-auto">
    <div class="flex justify-between flex-col md:flex-row">
      <div class="flex items-center flex-col md:flex-row | mb-6 md:mb-0">
        <div class="mr-0 mb-4 md:mr-8 md:mb-0"><a class="flex col-span-1 | w-8 h-8 | text-black dark:text-white w-10 h-10 md:w-12 md:h-12"><svg class="w-full h-full | fill-current"></svg></a></div>
        <div class="flex flex-col | text-center md:text-left | text-base md:text-lg">
          <h3>
            Christian Bravo
          </h3>
          <h4>
            Frontend developer
          </h4>
        </div>
      </div>
      <div class="flex flex-col justify-center items-center md:items-end | text-xs | text-right"><span>
          Â© 2021 Christian Bravo
        </span> <span>
          Made with Love and Nuxt.js
        </span></div>
    </div>
  </div>
</footer>
`;
