// Jest Snapshot v1, https://goo.gl/fbAQLP

exports[`PostCard component should render correclty 1`] = `
<div class="relative bg-white dark:bg-blue-700 bg-opacity-75 dark:bg-opacity-75 hover:bg hover:bg-opacity-100 dark-hover:bg-opacity-100 rounded-lg shadow-md transition-colors duration-200">
  <div class="absolute inset-0 p-2 flex flex-col">
    <figure class="relative flex-1 overflow-hidden rounded-lg"><a class="absolute inset-0 bg-cover bg-center post-image transition-transform duration-200" style="background-image: url(image.png);"></a></figure>
    <div class="flex flex-col items-start py-2">
      <div class="w-full">
        <!----> <a class="inline text-xl font-bold hover:underline text-gray-900 dark:text-gray-200 select-none">
          awesome post
        </a>
      </div>
      <p class="line-clamp text-sm mt-2 text-gray-900 dark:text-gray-200">
        this is the amazing post ever
      </p>
    </div>
  </div>
</div>
`;
