// Jest Snapshot v1, https://goo.gl/fbAQLP

exports[`AppNavigationBarLink component should render correctly 1`] = `<a class="mx-6 | text-center text-base | primary-text" to="/hello"></a>`;
