// Jest Snapshot v1, https://goo.gl/fbAQLP

exports[`PageSocialMedia component should render correclty 1`] = `<section class="fixed z-40 left-0 grid gap-3 grid-cols-1 page-social-icons"><a target="_blank" href="https://codepen.io/christian-bravo" class="w-6 h-6 md:w-10 md:h-10 bg-transparent dark:text-gray-50 dark-hover:bg-blue-500 dark-hover:border-blue-500 text-gray-900 hover:bg-pink-800 hover:text-gray-50 hover:border-pink-800 social-icon rounded-full transition-colors duration-200"><svg></svg></a><a target="_blank" href="https://github.com/christian-bravo7" class="w-6 h-6 md:w-10 md:h-10 bg-transparent dark:text-gray-50 dark-hover:bg-blue-500 dark-hover:border-blue-500 text-gray-900 hover:bg-pink-800 hover:text-gray-50 hover:border-pink-800 social-icon rounded-full transition-colors duration-200"><svg></svg></a><a target="_blank" href="https://www.instagram.com/christian.bravo_/" class="w-6 h-6 md:w-10 md:h-10 bg-transparent dark:text-gray-50 dark-hover:bg-blue-500 dark-hover:border-blue-500 text-gray-900 hover:bg-pink-800 hover:text-gray-50 hover:border-pink-800 social-icon rounded-full transition-colors duration-200"><svg></svg></a><a target="_blank" href="https://www.linkedin.com/in/christian151-bravo/" class="w-6 h-6 md:w-10 md:h-10 bg-transparent dark:text-gray-50 dark-hover:bg-blue-500 dark-hover:border-blue-500 text-gray-900 hover:bg-pink-800 hover:text-gray-50 hover:border-pink-800 social-icon rounded-full transition-colors duration-200"><svg></svg></a></section>`;
