// Jest Snapshot v1, https://goo.gl/fbAQLP

exports[`SocialIcon component should render correclty 1`] = `<a target="_blank" href="http://localhost/" class="w-10 h-10 bg-transparent dark:text-gray-50 dark-hover:bg-blue-500 dark-hover:border-blue-500 text-gray-900 hover:bg-pink-800 hover:text-gray-50 hover:border-pink-800 social-icon rounded-full transition-colors duration-200"><svg></svg></a>`;
