// Jest Snapshot v1, https://goo.gl/fbAQLP

exports[`MyWorkExperience component should render correclty 1`] = `
<section class="section-container">
  <div class="max-w-screen-lg | flex justify-center | my-0 mx-auto | overflow-x-hidden">
    <div class="flex flex-col | w-full">
      <h2 class="my-32 mx-auto | text-center | section-title my-work-experience__title">
        Where I've worked
      </h2>
      <div class="flex flex-col md:flex-row">
        <div class="relative | my-work-experience__button-wrapper">
          <div class="flex md:flex-col | mb-8 md:mb-0 pb-4 md:pb-0 | overflow-x-scroll md:overflow-x-auto | my-work-experience__button-list"><button class="relative | px-4 py-4 | text-left | rounded-lg | text-black dark:text-white | whitespace-nowrap | transition-all duration-300 | my-work-experience-button my-work-experience-button--is-active">
              Telus International
            </button> <button class="relative | px-4 py-4 | text-left | rounded-lg | text-black dark:text-white | whitespace-nowrap | transition-all duration-300 | my-work-experience-button">
              Master Development
            </button> <button class="relative | px-4 py-4 | text-left | rounded-lg | text-black dark:text-white | whitespace-nowrap | transition-all duration-300 | my-work-experience-button">
              Viaro Networks
            </button></div>
        </div>
        <div class="flex-1 | md:ml-6">
          <div>
            <h6 class="text-xl | mb-2"><span class="font-bold">
    Software Developer
  </span> <span>at</span> <a href="https://www.telusinternational.com" target="_blank" rel="noopener noreferrer" class="text-pink-500 dark:text-blue-500 | font-bold">
                Telus International
              </a></h6>
            <div class="flex text-sm mb-6"><span><span class="capitalize">
      Nov 2020
    </span> <span>-</span> <span class="capitalize">
      present
    </span></span> <span class="flex items-center | mx-2"><span class="w-1 h-1 | rounded-full | bg-black dark:bg-white"></span></span> <span class="text-gray-700 dark:text-gray-300">
    6 months
  </span></div>
            <div class="mb-6">
              <div class="flex mb-2"><span class="material-icons">
      arrow_right
    </span> <span class="leading-loose">
      Development and maintenance of web applications, landing pages and internal tools for international clients
    </span></div>
              <div class="flex mb-2"><span class="material-icons">
      arrow_right
    </span> <span class="leading-loose">
      Write modern, performant and maintainable code adopting clean code culture
    </span></div>
              <div class="flex mb-2"><span class="material-icons">
      arrow_right
    </span> <span class="leading-loose">
      Communication with multi disciplinary teams of developers, designers, producers, and clients on a daily basis
    </span></div>
            </div>
            <div><span class="block | font-bold | text-xs | mb-6">
    Technologies
  </span>
              <div class="flex flex-wrap">
                <div class="mr-4 mb-4 py-2 px-4 | text-sm | font-bold | rounded-full | border border-transparent border-pink-500 dark:border-blue-300 | bg-pink-50 bg-opacity-30 dark:bg-blue-700 dark:bg-opacity-25">
                  Angular
                </div>
                <div class="mr-4 mb-4 py-2 px-4 | text-sm | font-bold | rounded-full | border border-transparent border-pink-500 dark:border-blue-300 | bg-pink-50 bg-opacity-30 dark:bg-blue-700 dark:bg-opacity-25">
                  Typescript
                </div>
                <div class="mr-4 mb-4 py-2 px-4 | text-sm | font-bold | rounded-full | border border-transparent border-pink-500 dark:border-blue-300 | bg-pink-50 bg-opacity-30 dark:bg-blue-700 dark:bg-opacity-25">
                  Javascript
                </div>
                <div class="mr-4 mb-4 py-2 px-4 | text-sm | font-bold | rounded-full | border border-transparent border-pink-500 dark:border-blue-300 | bg-pink-50 bg-opacity-30 dark:bg-blue-700 dark:bg-opacity-25">
                  jQuery
                </div>
                <div class="mr-4 mb-4 py-2 px-4 | text-sm | font-bold | rounded-full | border border-transparent border-pink-500 dark:border-blue-300 | bg-pink-50 bg-opacity-30 dark:bg-blue-700 dark:bg-opacity-25">
                  i18n
                </div>
                <div class="mr-4 mb-4 py-2 px-4 | text-sm | font-bold | rounded-full | border border-transparent border-pink-500 dark:border-blue-300 | bg-pink-50 bg-opacity-30 dark:bg-blue-700 dark:bg-opacity-25">
                  Java Portlets
                </div>
                <div class="mr-4 mb-4 py-2 px-4 | text-sm | font-bold | rounded-full | border border-transparent border-pink-500 dark:border-blue-300 | bg-pink-50 bg-opacity-30 dark:bg-blue-700 dark:bg-opacity-25">
                  LESS
                </div>
              </div>
            </div>
            <!---->
          </div>
        </div>
      </div>
    </div>
  </div>
</section>
`;
