// Jest Snapshot v1, https://goo.gl/fbAQLP

exports[`PageAuthorCredits component should render correclty 1`] = `
<p class="hidden md:block z-50 text-gray-400 dark:text-gray-400 text-xs page-author-credits select-none">
  Â© 2021 CHRISTIAN BRAVO
</p>
`;
