// Jest Snapshot v1, https://goo.gl/fbAQLP

exports[`ThemeSwitch component should render correclty 1`] = `<div class="relative flex select-none"><input id="theme-switch" type="checkbox" class="hidden theme-switch__checkbox"> <label for="theme-switch" class="relative block w-10 h-2 cursor-pointer theme-switch__label"><span class="absolute block w-full h-full bg-gray-300 rounded-xl border border-gray-400 dark:border-blue-500 theme-switch__bar"></span> <span class="absolute flex items-center justify-center w-5 h-5 bg-gray-50 rounded-full border border-pink-800 dark:border-blue-500 theme-switch__circle"></span></label></div>`;
