// Jest Snapshot v1, https://goo.gl/fbAQLP

exports[`PostCard component should render correclty 1`] = `
<div class="relative | bg-white dark:bg-dark-theme-900 bg-opacity-75 dark:bg-opacity-75 | hover:bg-opacity-100 dark-hover:bg-opacity-100 hover:shadow-xl | group | rounded-xl shadow-md | transition-all duration-300">
  <div class="absolute inset-0 flex flex-col">
    <figure class="relative flex-1 overflow-hidden rounded-xl"><a class="absolute inset-0 | bg-cover bg-center | group-hover:transform group-hover:scale-110 | transition-transform duration-300" style="background-image: url(image.png);"></a></figure>
    <div class="flex flex-col items-start p-4">
      <div class="flex justify-between items-center | w-full | mb-4">
        <!---->
        <div class="text-xs | text-gray-500">
          Mar 03, 2021
        </div>
      </div> <a class="inline-block text-2xl font-bold hover:underline text-gray-900 dark:text-gray-200 select-none">
        awesome post
      </a>
      <p class="line-clamp text-sm mt-2 text-gray-900 dark:text-gray-200">
        this is the amazing post ever
      </p>
    </div>
  </div>
</div>
`;
